// Jest Snapshot v1, https://goo.gl/fbAQLP

exports[`CheckboxWithLabel changes the text after click 1`] = `
<DocumentFragment>
  <label>
    <input
      type="checkbox"
    />
    Off
  </label>
</DocumentFragment>
`;
